// Jest Snapshot v1, https://goo.gl/fbAQLP

exports[`<QuestionnairePage  /> should match snapshot 1`] = `null`;
